// Jest Snapshot v1, https://goo.gl/fbAQLP

exports[`Pagination Component should have component snapshot 1`] = `
<div
  className="center"
>
  <div
    className="pagination1"
    data-testid="pageNumberEl"
  >
    <a
      href="/products?_start=0&_end=9"
      onClick={[Function]}
    >
      «
    </a>
    <a
      href="/products?_start=0&_end=9"
      onClick={[Function]}
    >
      First
    </a>
    <a
      href="/products?_start=0&_end=9"
      onClick={[Function]}
    >
      Previous
    </a>
    <a
      href="/products?_start=0&_end=9"
      id="firstPage"
      onClick={[Function]}
    >
      1
    </a>
    <a
      className="p2"
      href="/products?_start=9&_end=12"
      id="secondPage"
      onClick={[Function]}
    >
      2
    </a>
    <a
      href="/products"
      onClick={[Function]}
    >
      3
    </a>
    <a
      href="/products"
      onClick={[Function]}
    >
      4
    </a>
    <a
      href="/products"
      onClick={[Function]}
    >
      5
    </a>
    <a
      href="/products"
      onClick={[Function]}
    >
      6
    </a>
    <a
      href="/products"
      onClick={[Function]}
    >
      7
    </a>
    <a
      href="/products"
      onClick={[Function]}
    >
      8
    </a>
    <a
      href="/products"
      onClick={[Function]}
    >
      9
    </a>
    <a
      href="/products"
      onClick={[Function]}
    >
      10
    </a>
    <a
      href="/products"
      onClick={[Function]}
    >
      Next
    </a>
    <a
      href="/products"
      onClick={[Function]}
    >
      »
    </a>
  </div>
</div>
`;
