// Jest Snapshot v1, https://goo.gl/fbAQLP

exports[`Products Component should have right Products component snapshot 1`] = `
<div
  className="listing-section"
  id="listingSection"
>
  <div>
    No Products Found
  </div>
</div>
`;
