// Jest Snapshot v1, https://goo.gl/fbAQLP

exports[`Category Component should have right Category comp snapshot 1`] = `
Array [
  <h3>
    Products
  </h3>,
  <nav>
    <div
      className="categoriesHeadingWrapper"
    >
      <span
        className="categoriesHeading"
      >
        <strong>
          Categories
        </strong>
         
      </span>
      <span
        className="viewAll"
      >
        <a
          href="/products?_start=0&_end=9"
          id="viewAll"
          onClick={[Function]}
        >
          View All
        </a>
      </span>
    </div>
    <hr />
    <ul
      data-testid="categoryListEl"
    >
      <li
        className="dropright"
      >
        <a
          href="/"
          onClick={[Function]}
        >
          <span
            id="logos"
          >
            <img
              alt="logo"
              height="32"
              src="electronics.png"
              width="32"
            />
          </span>
          Electronics & Offices 
          <span
            id="arrow"
          >
            <strong>
              â€º
            </strong>
          </span>
        </a>
        <ul>
          <li>
            <div
              id="filterLaptop"
              onClick={[Function]}
            >
              Laptops
            </div>
          </li>
          <li>
            <div
              id="filterMobile"
              onClick={[Function]}
            >
              Mobiles
            </div>
          </li>
          <li>
            <div
              to="/"
            >
              Office Chair
            </div>
          </li>
        </ul>
      </li>
      <li
        className="dropright"
      >
        <a
          href="/products"
          onClick={[Function]}
        >
          <span
            id="logos"
          >
            <img
              alt="logo"
              height="32"
              src="clothes.png"
              width="32"
            />
          </span>
          Clothing,Shoes
           & 
          Accessories
          <span />
        </a>
      </li>
      <li
        className="dropright"
      >
        <a
          href="/products"
          onClick={[Function]}
        >
          <span
            id="logos"
          >
            <img
              alt="logo"
              height="32"
              src="furniture.png"
              width="32"
            />
          </span>
          Home, Furniture
           & 
          Appliances
          <span />
        </a>
      </li>
      <li
        className="dropright"
      >
        <a
          href="/products"
          onClick={[Function]}
        >
          <span
            id="logos"
          >
            <img
              alt="logo"
              height="32"
              src="game.png"
              width="32"
            />
          </span>
          Toys
           & 
          Video Game
          <span />
        </a>
      </li>
      <li
        className="dropright"
      >
        <a
          href="/products"
          onClick={[Function]}
        >
          <span
            id="logos"
          >
            <img
              alt="logo"
              height="32"
              src="music.png"
              width="32"
            />
          </span>
          Movies Music
           & 
          Books
          <span />
        </a>
      </li>
      <li
        className="dropright"
      >
        <a
          href="/products"
          onClick={[Function]}
        >
          <span
            id="logos"
          >
            <img
              alt="logo"
              height="32"
              src="garden.png"
              width="32"
            />
          </span>
          G
           & 
          a
          <span />
        </a>
      </li>
      <li
        className="dropright"
      >
        <a
          href="/products"
          onClick={[Function]}
        >
          <span
            id="logos"
          >
            <img
              alt="logo"
              height="32"
              src="food.png"
              width="32"
            />
          </span>
          Food,Household
           & 
          Pets
          <span />
        </a>
      </li>
      <li
        className="dropright"
      >
        <a
          href="/products"
          onClick={[Function]}
        >
          <span
            id="logos"
          >
            <img
              alt="logo"
              height="32"
              src="health.png"
              width="32"
            />
          </span>
          Pharmacy
           & 
          Healthcare
          <span />
        </a>
      </li>
      <li
        className="dropright"
      >
        <a
          href="/products"
          onClick={[Function]}
        >
          <span
            id="logos"
          >
            <img
              alt="logo"
              height="32"
              src="beauty.png"
              width="32"
            />
          </span>
          Beauty
           & 
          Jwelery
          <span />
        </a>
      </li>
      <li
        className="dropright"
      >
        <a
          href="/products"
          onClick={[Function]}
        >
          <span
            id="logos"
          >
            <img
              alt="logo"
              height="32"
              src="sports.png"
              width="32"
            />
          </span>
          Sports,Fitness
           & 
          Outdoors
          <span />
        </a>
      </li>
      <li
        className="dropright"
      >
        <a
          href="/products"
          onClick={[Function]}
        >
          <span
            id="logos"
          >
            <img
              alt="logo"
              height="32"
              src="auto.png"
              width="32"
            />
          </span>
          Auto,Tyres
           & 
          Industrial
          <span />
        </a>
      </li>
    </ul>
    <hr />
  </nav>,
]
`;
